// Jest Snapshot v1, https://goo.gl/fbAQLP

exports[`Validator validateAllowedKeys throws an error if one of passed keys is not allowed 1`] = `"hello is not allowed in the object schema"`;

exports[`Validator validateArrayOrSingleEnumString throws an error if value is neither a string or array 1`] = `"enum string array should be either an array or a string"`;

exports[`Validator validateEnumString throws an error if passed enum values does not include value 1`] = `"enum string should be one of the following values: FIRST,SECOND"`;

exports[`Validator validateEnumString throws an error if value is not a string 1`] = `"enum string should be a string"`;

exports[`Validator validateNumber throws an error if value is bigger than max value 1`] = `"number should be equal or less than 5"`;

exports[`Validator validateNumber throws an error if value is less than min value 1`] = `"number should be equal or more than 15"`;

exports[`Validator validateNumber throws an error if value is not an integer 1`] = `"number should be an integer"`;

exports[`Validator validateObjectSchema throws an error if passed value is not an object 1`] = `"non-object should be an object"`;

exports[`Validator validateRequiredKeys throws an error if passed keys do not contain all required keys 1`] = `"second is required in the object schema"`;
